[DEBUG LAB4]:	Token		Lexeme		Lineno		Offset		Scope		Addr
[DEBUG LAB4]: 	INT		int		3		0
[DEBUG LAB4]: 	ID		f		3		4		0		0x7f441df9a0a0
[DEBUG LAB4]: 	LPAREN		(		3		5
[DEBUG LAB4]: 	RPAREN		)		3		6
[DEBUG LAB4]: 	LBRACE		{		3		7
[DEBUG LAB4]: 	INT		int		4		1
[DEBUG LAB4]: 	ID		a		4		5		1		0x7f441df9a2f8
[DEBUG LAB4]: 	SEMICOLON	;		4		6
[DEBUG LAB4]: 	ID		a		5		1		1		0x7f441df9a2f8
[DEBUG LAB4]: 	ASSIGN		=		5		3
[DEBUG LAB4]: 	DECIMIAL		0		5		5
[DEBUG LAB4]: 	SEMICOLON	;		5		6
[DEBUG LAB4]: 	WHILE		while		6		1
[DEBUG LAB4]: 	LPAREN		(		6		6
[DEBUG LAB4]: 	ID		a		6		7		1		0x7f441df9a2f8
[DEBUG LAB4]: 	LESS		<		6		8
[DEBUG LAB4]: 	DECIMIAL		10		6		9
[DEBUG LAB4]: 	RPAREN		)		6		11
[DEBUG LAB4]: 	LBRACE		{		6		12
[DEBUG LAB4]: 	ID		a		7		2		2		0x7f441df9a550
[DEBUG LAB4]: 	ASSIGN		=		7		4
[DEBUG LAB4]: 	ID		a		7		6		2		0x7f441df9a550
[DEBUG LAB4]: 	MUL		*		7		8
[DEBUG LAB4]: 	DECIMIAL		2345		7		10
[DEBUG LAB4]: 	SEMICOLON	;		7		14
[DEBUG LAB4]: 	RBRACE		}		8		1
[DEBUG LAB4]: 	RETURN		return		9		1
[DEBUG LAB4]: 	ID		a		9		8		2		0x7f441df9a550
[DEBUG LAB4]: 	SEMICOLON	;		9		9
[DEBUG LAB4]: 	RBRACE		}		10		0
[DEBUG LAB4]: 	INT		int		12		0
[DEBUG LAB4]: 	ID		main		12		4		0		0x7f441df9a0c8
[DEBUG LAB4]: 	LPAREN		(		12		8
[DEBUG LAB4]: 	RPAREN		)		12		9
[DEBUG LAB4]: 	LBRACE		{		12		10
[DEBUG LAB4]: 	INT		int		13		1
[DEBUG LAB4]: 	ID		_testid		13		5		3		0x7f441df9a7a8
[DEBUG LAB4]: 	SEMICOLON	;		13		12
[DEBUG LAB4]: 	ID		_testid		14		1		3		0x7f441df9a7a8
[DEBUG LAB4]: 	ASSIGN		=		14		9
[DEBUG LAB4]: 	DECIMIAL		0		14		11
[DEBUG LAB4]: 	SEMICOLON	;		14		12
[DEBUG LAB4]: 	IF		if		15		1
[DEBUG LAB4]: 	LPAREN		(		15		3
[DEBUG LAB4]: 	ID		_testid		15		4		3		0x7f441df9a7a8
[DEBUG LAB4]: 	EQUAL		==		15		11
[DEBUG LAB4]: 	DECIMIAL		0		15		13
[DEBUG LAB4]: 	RPAREN		)		15		14
[DEBUG LAB4]: 	LBRACE		{		15		15
[DEBUG LAB4]: 	INT		int		16		2
[DEBUG LAB4]: 	ID		_testid		16		6		4		0x7f441df9aa00
[DEBUG LAB4]: 	SEMICOLON	;		16		13
[DEBUG LAB4]: 	INT		int		17		2
[DEBUG LAB4]: 	ID		_testid2		17		6		4		0x7f441df9aa28
[DEBUG LAB4]: 	SEMICOLON	;		17		14
[DEBUG LAB4]: 	ID		_testid1		18		2		4		0x7f441df9aa50
[DEBUG LAB4]: 	ASSIGN		=		18		10
[DEBUG LAB4]: 	ID		_testid1		18		11		4		0x7f441df9aa78
[DEBUG LAB4]: 	ADD		+		18		19
[DEBUG LAB4]: 	DECIMIAL		1		18		20
[DEBUG LAB4]: 	SEMICOLON	;		18		21
[DEBUG LAB4]: 	RBRACE		}		19		1


[DEBUG LAB4]: 	LBRACE		{		21		1
[DEBUG LAB4]: 	INT		int		22		2
[DEBUG LAB4]: 	ID		a		22		6		5		0x7f441df9ac58
[DEBUG LAB4]: 	SEMICOLON	;		22		7
[DEBUG LAB4]: 	RBRACE		}		23		1
[DEBUG LAB4]: 	LBRACE		{		24		1
[DEBUG LAB4]: 	INT		int		25		2
[DEBUG LAB4]: 	ID		a		25		6		6		0x7f441df9aeb0
[DEBUG LAB4]: 	SEMICOLON	;		25		7
[DEBUG LAB4]: 	RBRACE		}		26		1
[DEBUG LAB4]: 	INT		int		27		1
[DEBUG LAB4]: 	ID		b		27		5		3		0x7f441df9a7d0
[DEBUG LAB4]: 	SEMICOLON	;		27		6
[DEBUG LAB4]: 	RETURN		return		28		1
[DEBUG LAB4]: 	DECIMIAL		0		28		8
[DEBUG LAB4]: 	SEMICOLON	;		28		9
[DEBUG LAB4]: 	RBRACE		}		29		0


